
> pmtool-fe-ng@0.0.0 start
> ng serve

> Building...
√ Building...
Browser bundles     
Initial chunk files  | Names            |  Raw size
main.js              | main             | 262.38 kB | 
styles.css           | styles           |  65.39 kB | 
polyfills.js         | polyfills        |  95 bytes | 

                     | Initial total    | 327.86 kB


Server bundles      
Initial chunk files  | Names            |  Raw size
main.server.mjs      | main.server      | 263.68 kB | 
server.mjs           | server           |   1.79 kB | 
polyfills.server.mjs | polyfills.server | 266 bytes | 

Application bundle generation complete. [138.209 seconds]

Watch mode enabled. Watching for file changes...
NOTE: Raw file sizes do not reflect development server per-request transformations.
  ➜  Local:   http://localhost:4200/
  ➜  press h + enter to show help
